Loaded 64225 SRG mappings, 188 type renames, 8 ctor rules, 0 removed-API entries

Rewrote 28 classes, moved 47 resources, rewrote 32 data files

Applied:
     1  COERCE at branch -> net/minecraft/world/item/crafting/Ingredient
     2  COERCE return -> net/minecraft/world/item/crafting/Ingredient
     1  CTOR_TO_STATIC net/minecraft/resources/ResourceLocation#fromNamespaceAndPath
     3  CTOR_TO_STATIC net/minecraft/resources/ResourceLocation#parse
     6  CTOR_TO_STATIC net/minecraft/world/entity/ai/attributes/AttributeModifier#attributeModifier
     1  EBS_BUS FORGE -> GAME
     6  FIELD_TO_STATIC net/minecraft/world/entity/ai/attributes/AttributeModifier$Operation#ADDITION -> easyport/bridge/VanillaBridge#addValue
     1  HIERARCHY interface substituted: net/minecraft/world/item/ArmorMaterial -> easyport/vanilla/ArmorMaterial
     1  HOLDER_UNWRAP field net/minecraft/sounds/SoundEvents
     2  HOLDER_UNWRAP field net/minecraft/world/effect/MobEffects
     3  HOLDER_UNWRAP field net/minecraft/world/entity/ai/attributes/Attributes
     2  HOLDER_UNWRAP return net/minecraft/world/effect/MobEffectInstance.getEffect
     1  HOLDER_WRAP net/minecraft/world/item/ArmorItem.<init>
    48  PLATFORM_TYPE_NAMESPACE forge:mod_loaded
     8  PLATFORM_TYPE_NAMESPACE forge:not
    16  RECIPE_CONDITIONAL_UNWRAP
    16  RECIPE_CONDITIONS_NAMESPACED
    16  RECIPE_RESULT_ID
    32  TAG_NAMESPACE forge: -> c:
     3  TYPE_PREFIX net/minecraftforge/client/extensions/
     3  TYPE_PREFIX net/minecraftforge/client/model/
    13  TYPE_PREFIX net/minecraftforge/common/data/
    11  TYPE_PREFIX net/minecraftforge/data/event/
    25  TYPE_PREFIX net/minecraftforge/event/
    14  TYPE_RENAME net/minecraft/data/recipes/FinishedRecipe
     1  TYPE_RENAME net/minecraftforge/common/crafting/CraftingHelper
     1  TYPE_RENAME net/minecraftforge/common/crafting/conditions/IConditionBuilder
    54  TYPE_RENAME net/minecraftforge/event/entity/living/LivingDamageEvent
     1  TYPE_RENAME net/minecraftforge/eventbus/api/Event
     4  TYPE_RENAME net/minecraftforge/eventbus/api/SubscribeEvent
     4  TYPE_RENAME net/minecraftforge/fml/ModContainer
     3  TYPE_RENAME net/minecraftforge/fml/common/Mod
     8  TYPE_RENAME net/minecraftforge/fml/common/Mod$EventBusSubscriber
     6  TYPE_RENAME net/minecraftforge/fml/common/Mod$EventBusSubscriber$Bus
     6  TYPE_RENAME net/minecraftforge/fml/event/lifecycle/FMLCommonSetupEvent

UNRESOLVED - these need the vanilla bridge or a structural rule:
  (none)

Wrote translated\allthearcanistgear.jar
      translated\allthearcanistgear.report.tsv
