Loaded 64225 SRG mappings, 157 type renames, 2 ctor rules, 4 removed-API entries

Rewrote 29 classes, moved 1 resources

Applied:
     4  CTOR_TO_STATIC net/minecraft/resources/ResourceLocation#fromNamespaceAndPath
     1  CTOR_TO_STATIC net/minecraft/resources/ResourceLocation#parse
     4  HOLDER_UNWRAP field net/minecraft/world/effect/MobEffects
     3  HOLDER_UNWRAP return net/minecraft/world/effect/MobEffectInstance.getEffect
     3  HOLDER_WRAP net/minecraft/world/entity/player/Player.hasEffect
     8  METHOD_TO_STATIC net/minecraftforge/eventbus/api/IEventBus#post -> easyport/bridge/EventBusBridge#post
    23  TYPE_PREFIX net/minecraftforge/client/event/
     9  TYPE_PREFIX net/minecraftforge/event/
     5  TYPE_RENAME net/minecraftforge/api/distmarker/Dist
     3  TYPE_RENAME net/minecraftforge/api/distmarker/OnlyIn
     2  TYPE_RENAME net/minecraftforge/event/TickEvent
     5  TYPE_RENAME net/minecraftforge/event/TickEvent$ClientTickEvent
     5  TYPE_RENAME net/minecraftforge/event/TickEvent$Phase
    14  TYPE_RENAME net/minecraftforge/eventbus/api/Event
     7  TYPE_RENAME net/minecraftforge/eventbus/api/SubscribeEvent
     1  TYPE_RENAME net/minecraftforge/fml/common/Mod
     4  TYPE_RENAME net/minecraftforge/fml/event/lifecycle/FMLClientSetupEvent
     4  TYPE_RENAME net/minecraftforge/fml/event/lifecycle/FMLCommonSetupEvent

UNRESOLVED - these need the vanilla bridge or a structural rule:
     2  TYPE_PREFIX target missing: net/neoforged/neoforge/client/event/RenderGuiOverlayEvent
    14  TYPE_PREFIX target missing: net/neoforged/neoforge/client/event/RenderGuiOverlayEvent$Post
     9  TYPE_PREFIX target missing: net/neoforged/neoforge/client/event/RenderGuiOverlayEvent$Pre
     6  TYPE_PREFIX target missing: net/neoforged/neoforge/event/entity/living/LivingEvent$LivingTickEvent

Wrote translated\appleskin.jar
      translated\appleskin.report.tsv
