Forge 1.20.1 -> NeoForge 1.21.1: loaded 64225 member mappings, 188 type renames, 8 ctor rules, 0 removed-API entries

Rewrote 74 classes, moved 24 resources, rewrote 12 data files

Applied:
    13  CTOR_TO_STATIC net/minecraft/resources/ResourceLocation#fromNamespaceAndPath
     4  METHOD_TO_STATIC com/mojang/blaze3d/vertex/VertexConsumer#endVertex -> easyport/bridge/VertexBridge#endVertex
    11  RECIPE_RESULT_ID
     1  RECIPE_SHOW_NOTIFICATION_DROP
     4  RENAME_METHOD com/mojang/blaze3d/vertex/VertexConsumer#color -> setColor
     4  RENAME_METHOD com/mojang/blaze3d/vertex/VertexConsumer#normal -> setNormal
     4  RENAME_METHOD com/mojang/blaze3d/vertex/VertexConsumer#overlayCoords -> setOverlay
     4  RENAME_METHOD com/mojang/blaze3d/vertex/VertexConsumer#uv -> setUv
     4  RENAME_METHOD com/mojang/blaze3d/vertex/VertexConsumer#uv2 -> setLight
     4  RENAME_METHOD com/mojang/blaze3d/vertex/VertexConsumer#vertex -> addVertex
     3  TAG_NAMESPACE forge: -> c:
     9  TYPE_PREFIX net/minecraftforge/client/event/
    25  TYPE_PREFIX net/minecraftforge/client/model/
     5  TYPE_PREFIX net/minecraftforge/common/Tags
    52  TYPE_PREFIX net/minecraftforge/common/data/
     7  TYPE_PREFIX net/minecraftforge/data/event/
    33  TYPE_PREFIX net/minecraftforge/fluids/
     2  TYPE_RENAME net/minecraft/data/recipes/FinishedRecipe
     3  TYPE_RENAME net/minecraftforge/api/distmarker/Dist
     1  TYPE_RENAME net/minecraftforge/fml/common/Mod
    10  TYPE_RENAME net/minecraftforge/fml/event/lifecycle/FMLClientSetupEvent
     7  TYPE_RENAME net/minecraftforge/fml/event/lifecycle/FMLCommonSetupEvent
     5  TYPE_RENAME net/minecraftforge/registries/RegisterEvent

UNRESOLVED - these need the vanilla bridge or a structural rule:
    18  TYPE_PREFIX target missing: net/neoforged/neoforge/event/AttachCapabilitiesEvent

Wrote translated\appmek.jar
      translated\appmek.report.tsv
