Forge 1.20.1 -> NeoForge 1.21.1: loaded 64225 member mappings, 188 type renames, 8 ctor rules, 0 removed-API entries

Rewrote 32 classes, moved 4 resources, rewrote 1 data files

Applied:
     5  CTOR_TO_STATIC net/minecraft/resources/ResourceLocation#fromNamespaceAndPath
     1  EBS_BUS FORGE -> GAME
     1  EBS_STRIP (no @SubscribeEvent methods) com/hollingsworth/ars_creo/CreoConfig
     1  METHOD_TO_STATIC net/neoforged/neoforge/registries/RegisterEvent#getForgeRegistry -> easyport/bridge/RegistryBridge#getForgeRegistry
     1  RECIPE_RESULT_ID
     6  TYPE_PREFIX net/minecraftforge/client/event/
     4  TYPE_PREFIX net/minecraftforge/common/Tags
    48  TYPE_PREFIX net/minecraftforge/fluids/
     1  TYPE_PREFIX net/minecraftforge/fml/util/
     2  TYPE_PREFIX net/minecraftforge/items/
     2  TYPE_RENAME net/minecraft/core/PositionImpl
     2  TYPE_RENAME net/minecraftforge/api/distmarker/Dist
     1  TYPE_RENAME net/minecraftforge/api/distmarker/OnlyIn
     6  TYPE_RENAME net/minecraftforge/common/util/FakePlayer
     1  TYPE_RENAME net/minecraftforge/common/util/FakePlayerFactory
     1  TYPE_RENAME net/minecraftforge/eventbus/api/EventPriority
     3  TYPE_RENAME net/minecraftforge/eventbus/api/SubscribeEvent
     1  TYPE_RENAME net/minecraftforge/fluids/ForgeFlowingFluid
     4  TYPE_RENAME net/minecraftforge/fml/common/Mod
    11  TYPE_RENAME net/minecraftforge/fml/common/Mod$EventBusSubscriber
     6  TYPE_RENAME net/minecraftforge/fml/common/Mod$EventBusSubscriber$Bus
     8  TYPE_RENAME net/minecraftforge/fml/event/lifecycle/FMLClientSetupEvent
     4  TYPE_RENAME net/minecraftforge/fml/event/lifecycle/FMLCommonSetupEvent
     8  TYPE_RENAME net/minecraftforge/registries/RegisterEvent

UNRESOLVED - these need the vanilla bridge or a structural rule:
     7  TYPE_PREFIX target missing: net/neoforged/neoforge/event/AttachCapabilitiesEvent

Wrote translated\ars_creo.jar
      translated\ars_creo.report.tsv
