Forge 1.20.1 -> NeoForge 1.21.1: loaded 64225 member mappings, 188 type renames, 8 ctor rules, 0 removed-API entries

Rewrote 36 classes, moved 1 resources, rewrote 0 data files

Applied:
     2  CTOR_TO_STATIC net/minecraft/resources/ResourceLocation#fromNamespaceAndPath
     4  METHOD_TO_STATIC com/mojang/blaze3d/vertex/BufferBuilder#vertex -> easyport/bridge/VertexBridge#vertex
     4  METHOD_TO_STATIC com/mojang/blaze3d/vertex/VertexConsumer#endVertex -> easyport/bridge/VertexBridge#endVertex
     2  METHOD_TO_STATIC net/minecraftforge/eventbus/api/IEventBus#post -> easyport/bridge/EventBusBridge#post
     2  METHOD_TO_STATIC net/neoforged/fml/event/config/ModConfigEvent$Loading#getConfig -> easyport/bridge/ConfigBridge#getConfig
     3  METHOD_TO_STATIC net/neoforged/fml/event/config/ModConfigEvent$Reloading#getConfig -> easyport/bridge/ConfigBridge#getConfig
    26  TYPE_PREFIX net/minecraftforge/client/event/
    15  TYPE_PREFIX net/minecraftforge/fml/event/
     3  TYPE_RENAME net/minecraftforge/api/distmarker/Dist
     6  TYPE_RENAME net/minecraftforge/eventbus/api/Event
     1  TYPE_RENAME net/minecraftforge/eventbus/api/EventPriority
     5  TYPE_RENAME net/minecraftforge/eventbus/api/SubscribeEvent
    11  TYPE_RENAME net/minecraftforge/fml/ModContainer
     1  TYPE_RENAME net/minecraftforge/fml/common/Mod

UNRESOLVED - these need the vanilla bridge or a structural rule:
     1  ABSTRACT_STUB betteradvancements/common/gui/BetterAdvancementsScreen.onAddAdvancementRoot(Lnet/minecraft/advancements/AdvancementNode;)V (added by net/minecraft/advancements/AdvancementTree$Listener)
     1  ABSTRACT_STUB betteradvancements/common/gui/BetterAdvancementsScreen.onAddAdvancementTask(Lnet/minecraft/advancements/AdvancementNode;)V (added by net/minecraft/advancements/AdvancementTree$Listener)
     1  ABSTRACT_STUB betteradvancements/common/gui/BetterAdvancementsScreen.onRemoveAdvancementRoot(Lnet/minecraft/advancements/AdvancementNode;)V (added by net/minecraft/advancements/AdvancementTree$Listener)
     1  ABSTRACT_STUB betteradvancements/common/gui/BetterAdvancementsScreen.onRemoveAdvancementTask(Lnet/minecraft/advancements/AdvancementNode;)V (added by net/minecraft/advancements/AdvancementTree$Listener)
     1  ABSTRACT_STUB betteradvancements/common/gui/BetterAdvancementsScreen.onSelectedTabChanged(Lnet/minecraft/advancements/AdvancementHolder;)V (added by net/minecraft/client/multiplayer/ClientAdvancements$Listener)
     1  ABSTRACT_STUB betteradvancements/common/gui/BetterAdvancementsScreen.onUpdateAdvancementProgress(Lnet/minecraft/advancements/AdvancementNode;Lnet/minecraft/advancements/AdvancementProgress;)V (added by net/minecraft/client/multiplayer/ClientAdvancements$Listener)

Wrote translated\betteradvancements.jar
      translated\betteradvancements.report.tsv
