Loaded 64225 SRG mappings, 188 type renames, 8 ctor rules, 0 removed-API entries

Rewrote 121 classes, moved 1 resources

Applied:
     1  ARG_FILL net/minecraft/core/HolderLookup$Provider into net/minecraft/world/level/block/entity/BlockEntity.loadStatic
     1  ARG_FILL net/minecraft/core/HolderLookup$Provider into net/minecraft/world/level/block/entity/BlockEntity.saveToItem
     1  COERCE net/minecraft/client/resources/model/ModelResourceLocation -> net/minecraft/resources/ResourceLocation
     6  CTOR_TO_STATIC net/minecraft/resources/ResourceLocation#fromNamespaceAndPath
    11  CTOR_TO_STATIC net/minecraft/resources/ResourceLocation#parse
     1  FIELD_TO_STATIC net/neoforged/fml/common/EventBusSubscriber$Bus#FORGE -> easyport/bridge/BusBridge#forge
     1  METHOD_TO_STATIC net/minecraft/world/item/ItemStack#setTag -> easyport/bridge/ItemBridge#setTag
     2  METHOD_TO_STATIC net/neoforged/fml/common/EventBusSubscriber$Bus#bus -> easyport/bridge/BusBridge#bus
     1  SRG_IN_TEXT
    16  TYPE_PREFIX net/minecraftforge/client/event/
     9  TYPE_PREFIX net/minecraftforge/client/extensions/
    34  TYPE_PREFIX net/minecraftforge/client/model/
     5  TYPE_PREFIX net/minecraftforge/event/
     1  TYPE_PREFIX net/minecraftforge/server/
    13  TYPE_RENAME net/minecraftforge/api/distmarker/Dist
     1  TYPE_RENAME net/minecraftforge/api/distmarker/OnlyIn
     1  TYPE_RENAME net/minecraftforge/common/CreativeModeTabRegistry
     1  TYPE_RENAME net/minecraftforge/common/util/FakePlayer
     1  TYPE_RENAME net/minecraftforge/common/util/FakePlayerFactory
    20  TYPE_RENAME net/minecraftforge/common/util/Lazy
     2  TYPE_RENAME net/minecraftforge/event/TickEvent
     6  TYPE_RENAME net/minecraftforge/event/TickEvent$ClientTickEvent
     8  TYPE_RENAME net/minecraftforge/event/TickEvent$Phase
     1  TYPE_RENAME net/minecraftforge/eventbus/api/EventPriority
     7  TYPE_RENAME net/minecraftforge/eventbus/api/SubscribeEvent
     2  TYPE_RENAME net/minecraftforge/fml/common/Mod
     3  TYPE_RENAME net/minecraftforge/fml/common/Mod$EventBusSubscriber
     8  TYPE_RENAME net/minecraftforge/fml/common/Mod$EventBusSubscriber$Bus

UNRESOLVED - these need the vanilla bridge or a structural rule:
     1  ABSTRACT_STUB com/ldtteam/blockui/util/SingleBlockGetter$SingleBlockNeighborhood.getBlockEntity(Lnet/minecraft/core/BlockPos;)Lnet/minecraft/world/level/block/entity/BlockEntity; (added by net/minecraft/world/level/BlockGetter)
     1  ABSTRACT_STUB com/ldtteam/blockui/util/SingleBlockGetter$SingleBlockNeighborhood.getBlockState(Lnet/minecraft/core/BlockPos;)Lnet/minecraft/world/level/block/state/BlockState; (added by net/minecraft/world/level/BlockGetter)
     1  ABSTRACT_STUB com/ldtteam/blockui/util/SingleBlockGetter$SingleBlockNeighborhood.getFluidState(Lnet/minecraft/core/BlockPos;)Lnet/minecraft/world/level/material/FluidState; (added by net/minecraft/world/level/BlockGetter)
     1  ABSTRACT_STUB com/ldtteam/blockui/util/SingleBlockGetter$SingleBlockNeighborhood.getHeight()I (added by net/minecraft/world/level/LevelHeightAccessor)
     1  ABSTRACT_STUB com/ldtteam/blockui/util/SingleBlockGetter$SingleBlockNeighborhood.getMinBuildHeight()I (added by net/minecraft/world/level/LevelHeightAccessor)
     1  ABSTRACT_STUB com/ldtteam/blockui/util/SpacerTextComponent.type()Lnet/minecraft/network/chat/ComponentContents$Type; (added by net/minecraft/network/chat/ComponentContents)
     1  ABSTRACT_STUB com/ldtteam/blockui/util/ToggleableTextComponent.type()Lnet/minecraft/network/chat/ComponentContents$Type; (added by net/minecraft/network/chat/ComponentContents)
     1  CTOR_TO_STATIC (no NEW/DUP pair) net/minecraft/resources/ResourceLocation(Ljava/lang/String;Ljava/lang/String;)V
     1  HIERARCHY cannot extend final class: com/ldtteam/blockui/util/resloc/OutOfJarResourceLocation extends net/minecraft/resources/ResourceLocation
     4  TYPE_PREFIX target missing: net/neoforged/neoforge/client/event/RenderGuiOverlayEvent

Wrote translated\blockui.jar
      translated\blockui.report.tsv
