Loaded 64225 SRG mappings, 188 type renames, 8 ctor rules, 0 removed-API entries

Rewrote 71 classes, moved 1905 resources

Applied:
    16  CTOR_TO_STATIC net/minecraft/resources/ResourceLocation#fromNamespaceAndPath
     1  CTOR_TO_STATIC net/minecraft/resources/ResourceLocation#parse
     5  METHOD_TO_STATIC net/minecraftforge/eventbus/api/IEventBus#post -> easyport/bridge/EventBusBridge#post
     6  TYPE_PREFIX net/minecraftforge/client/event/
     1  TYPE_RENAME net/minecraftforge/api/distmarker/Dist
     7  TYPE_RENAME net/minecraftforge/eventbus/api/Event
    15  TYPE_RENAME net/minecraftforge/eventbus/api/EventPriority
     2  TYPE_RENAME net/minecraftforge/eventbus/api/SubscribeEvent
     1  TYPE_RENAME net/minecraftforge/fml/InterModComms
     2  TYPE_RENAME net/minecraftforge/fml/common/Mod
     4  TYPE_RENAME net/minecraftforge/fml/common/Mod$EventBusSubscriber
     3  TYPE_RENAME net/minecraftforge/fml/common/Mod$EventBusSubscriber$Bus
     3  TYPE_RENAME net/minecraftforge/fml/event/lifecycle/FMLClientSetupEvent
     4  TYPE_RENAME net/minecraftforge/fml/event/lifecycle/FMLCommonSetupEvent

UNRESOLVED - these need the vanilla bridge or a structural rule:
     1  ABSTRACT_STUB net/darkhax/botanypots/data/recipes/crop/BasicCropSerializer.codec()Lcom/mojang/serialization/MapCodec; (added by net/minecraft/world/item/crafting/RecipeSerializer)
     1  ABSTRACT_STUB net/darkhax/botanypots/data/recipes/crop/BasicCropSerializer.streamCodec()Lnet/minecraft/network/codec/StreamCodec; (added by net/minecraft/world/item/crafting/RecipeSerializer)
     1  ABSTRACT_STUB net/darkhax/botanypots/data/recipes/fertilizer/BasicFertilizerSerializer.codec()Lcom/mojang/serialization/MapCodec; (added by net/minecraft/world/item/crafting/RecipeSerializer)
     1  ABSTRACT_STUB net/darkhax/botanypots/data/recipes/fertilizer/BasicFertilizerSerializer.streamCodec()Lnet/minecraft/network/codec/StreamCodec; (added by net/minecraft/world/item/crafting/RecipeSerializer)
     1  ABSTRACT_STUB net/darkhax/botanypots/data/recipes/potinteraction/BasicPotInteractionSerializer.codec()Lcom/mojang/serialization/MapCodec; (added by net/minecraft/world/item/crafting/RecipeSerializer)
     1  ABSTRACT_STUB net/darkhax/botanypots/data/recipes/potinteraction/BasicPotInteractionSerializer.streamCodec()Lnet/minecraft/network/codec/StreamCodec; (added by net/minecraft/world/item/crafting/RecipeSerializer)
     1  ABSTRACT_STUB net/darkhax/botanypots/data/recipes/soil/BasicSoilSerializer.codec()Lcom/mojang/serialization/MapCodec; (added by net/minecraft/world/item/crafting/RecipeSerializer)
     1  ABSTRACT_STUB net/darkhax/botanypots/data/recipes/soil/BasicSoilSerializer.streamCodec()Lnet/minecraft/network/codec/StreamCodec; (added by net/minecraft/world/item/crafting/RecipeSerializer)

Wrote translated\botanypots.jar
      translated\botanypots.report.tsv
