Loaded 64225 SRG mappings, 188 type renames, 8 ctor rules, 0 removed-API entries

Rewrote 143 classes, moved 1 resources, rewrote 0 data files

Applied:
    28  CTOR_TO_STATIC net/minecraft/resources/ResourceLocation#fromNamespaceAndPath
    12  CTOR_TO_STATIC net/minecraft/resources/ResourceLocation#parse
     6  CTOR_TO_STATIC net/minecraft/world/entity/ai/attributes/AttributeModifier#attributeModifier
     7  FIELD_TO_STATIC net/minecraft/world/entity/ai/attributes/AttributeModifier$Operation#ADDITION -> easyport/bridge/VanillaBridge#addValue
     4  FIELD_TO_STATIC net/minecraft/world/entity/ai/attributes/AttributeModifier$Operation#MULTIPLY_BASE -> easyport/bridge/VanillaBridge#multiplyBase
     4  FIELD_TO_STATIC net/minecraft/world/entity/ai/attributes/AttributeModifier$Operation#MULTIPLY_TOTAL -> easyport/bridge/VanillaBridge#multiplyTotal
     2  HOLDER_UNWRAP field net/minecraft/sounds/SoundEvents
     3  HOLDER_UNWRAP field net/minecraft/world/entity/ai/attributes/Attributes
     2  HOLDER_WRAP net/minecraft/world/entity/player/Player.getAttribute
     3  HOLDER_WRAP net/minecraft/world/item/ItemStack.getEnchantmentLevel
     2  HOLDER_WRAP net/minecraft/world/item/enchantment/EnchantmentHelper.getItemEnchantmentLevel
     1  HOLDER_WRAP net/minecraft/world/level/storage/loot/functions/LootItemFunctionType.<init>
     1  METHOD_TO_STATIC net/minecraft/world/item/ItemStack#getOrCreateTag -> easyport/bridge/ItemBridge#getOrCreateTag
     4  METHOD_TO_STATIC net/minecraft/world/item/ItemStack#getTag -> easyport/bridge/ItemBridge#getTag
     9  METHOD_TO_STATIC net/minecraftforge/eventbus/api/IEventBus#post -> easyport/bridge/EventBusBridge#post
     2  SRG_IN_TEXT
    54  TYPE_PREFIX net/minecraftforge/client/event/
     8  TYPE_PREFIX net/minecraftforge/common/data/
   190  TYPE_PREFIX net/minecraftforge/event/
    52  TYPE_PREFIX net/minecraftforge/items/
     6  TYPE_RENAME net/minecraft/advancements/critereon/AbstractCriterionTriggerInstance
    20  TYPE_RENAME net/minecraft/advancements/critereon/ContextAwarePredicate
     3  TYPE_RENAME net/minecraft/world/level/storage/loot/LootDataManager
     1  TYPE_RENAME net/minecraft/world/level/storage/loot/Serializer
     6  TYPE_RENAME net/minecraft/world/level/storage/loot/functions/LootItemConditionalFunction$Serializer
    22  TYPE_RENAME net/minecraftforge/api/distmarker/Dist
     6  TYPE_RENAME net/minecraftforge/api/distmarker/OnlyIn
     5  TYPE_RENAME net/minecraftforge/common/crafting/CraftingHelper
    41  TYPE_RENAME net/minecraftforge/common/crafting/conditions/ICondition$IContext
     2  TYPE_RENAME net/minecraftforge/event/TickEvent
     5  TYPE_RENAME net/minecraftforge/event/TickEvent$ClientTickEvent
     5  TYPE_RENAME net/minecraftforge/event/TickEvent$Phase
    15  TYPE_RENAME net/minecraftforge/eventbus/api/Event
     2  TYPE_RENAME net/minecraftforge/eventbus/api/EventPriority
    24  TYPE_RENAME net/minecraftforge/eventbus/api/SubscribeEvent
     1  TYPE_RENAME net/minecraftforge/fml/InterModComms
    21  TYPE_RENAME net/minecraftforge/fml/InterModComms$IMCMessage
     2  TYPE_RENAME net/minecraftforge/fml/common/Mod
     4  TYPE_RENAME net/minecraftforge/fml/common/Mod$EventBusSubscriber
     3  TYPE_RENAME net/minecraftforge/fml/common/Mod$EventBusSubscriber$Bus
     2  TYPE_RENAME net/minecraftforge/fml/event/lifecycle/FMLClientSetupEvent
     5  TYPE_RENAME net/minecraftforge/fml/event/lifecycle/FMLCommonSetupEvent
     6  TYPE_RENAME net/minecraftforge/fml/event/lifecycle/InterModProcessEvent
     4  TYPE_RENAME net/minecraftforge/fml/loading/FMLLoader

UNRESOLVED - these need the vanilla bridge or a structural rule:
     1  ABSTRACT_STUB top/theillusivec4/curios/common/util/EquipCurioTrigger.codec()Lcom/mojang/serialization/Codec; (added by net/minecraft/advancements/CriterionTrigger)
     1  MIXIN_SHADOW_FIELD_STUB (no longer on the target; became a mixin-added field) top/theillusivec4/curios/mixin/core/MixinApplyBonusCount.enchantment
     1  MIXIN_SOFT_FAIL (ModifyArg no longer resolves; injector disabled, mixin kept) top/theillusivec4/curios/mixin/core/MixinShearsItem.curios$applyFortuneToShears
     1  MIXIN_SOFT_FAIL (ModifyVariable no longer resolves; injector disabled, mixin kept) top/theillusivec4/curios/mixin/core/MixinApplyBonusCount.curios$applyFortune
    12  TYPE_PREFIX target missing: net/neoforged/neoforge/event/AttachCapabilitiesEvent
     5  TYPE_PREFIX target missing: net/neoforged/neoforge/event/entity/living/LivingEvent$LivingTickEvent
    11  TYPE_PREFIX target missing: net/neoforged/neoforge/event/entity/living/LootingLevelEvent

Wrote translated\curios.jar
      translated\curios.report.tsv
