Loaded 64225 SRG mappings, 178 type renames, 2 ctor rules, 4 removed-API entries

Rewrote 589 classes, moved 2 resources

Applied:
    30  CTOR_TO_STATIC net/minecraft/resources/ResourceLocation#fromNamespaceAndPath
    24  CTOR_TO_STATIC net/minecraft/resources/ResourceLocation#parse
     1  FIELD_TO_STATIC cpw/mods/modlauncher/api/IEnvironment$Keys#NAMING -> easyport/bridge/EnvBridge#naming
     2  HOLDER_WRAP net/minecraft/world/entity/LivingEntity.getEffect
     1  HOLDER_WRAP net/minecraft/world/item/ItemStack.enchant
     1  METHOD_TO_STATIC net/neoforged/fml/event/config/ModConfigEvent$Loading#getConfig -> easyport/bridge/ConfigBridge#getConfig
     1  METHOD_TO_STATIC net/neoforged/fml/event/config/ModConfigEvent$Reloading#getConfig -> easyport/bridge/ConfigBridge#getConfig
     5  METHOD_TO_STATIC net/neoforged/neoforge/registries/RegisterEvent#getForgeRegistry -> easyport/bridge/RegistryBridge#getForgeRegistry
     1  SRG_IN_TEXT
    76  TYPE_PREFIX net/minecraftforge/client/event/
    24  TYPE_PREFIX net/minecraftforge/client/extensions/
    30  TYPE_PREFIX net/minecraftforge/client/model/
     2  TYPE_PREFIX net/minecraftforge/common/crafting/conditions/
     6  TYPE_PREFIX net/minecraftforge/common/loot/
   145  TYPE_PREFIX net/minecraftforge/event/
   583  TYPE_PREFIX net/minecraftforge/fluids/
    12  TYPE_PREFIX net/minecraftforge/fml/event/
     5  TYPE_PREFIX net/minecraftforge/fml/util/
    15  TYPE_PREFIX net/minecraftforge/forgespi/
    63  TYPE_PREFIX net/minecraftforge/items/
     9  TYPE_PREFIX net/minecraftforge/server/
    15  TYPE_RENAME net/minecraft/advancements/critereon/AbstractCriterionTriggerInstance
    26  TYPE_RENAME net/minecraft/advancements/critereon/ContextAwarePredicate
     2  TYPE_RENAME net/minecraft/client/gui/screens/GenericDirtMessageScreen
    38  TYPE_RENAME net/minecraft/core/particles/ParticleOptions$Deserializer
    10  TYPE_RENAME net/minecraft/world/level/storage/loot/Serializer
   132  TYPE_RENAME net/minecraftforge/api/distmarker/Dist
   105  TYPE_RENAME net/minecraftforge/api/distmarker/OnlyIn
     3  TYPE_RENAME net/minecraftforge/client/ItemDecoratorHandler
     2  TYPE_RENAME net/minecraftforge/common/ForgeSpawnEggItem
     1  TYPE_RENAME net/minecraftforge/common/crafting/CraftingHelper
     1  TYPE_RENAME net/minecraftforge/common/util/FakePlayer
     3  TYPE_RENAME net/minecraftforge/common/world/BiomeModifier
     5  TYPE_RENAME net/minecraftforge/event/TickEvent
     8  TYPE_RENAME net/minecraftforge/event/TickEvent$ClientTickEvent
    10  TYPE_RENAME net/minecraftforge/event/TickEvent$Phase
     8  TYPE_RENAME net/minecraftforge/event/TickEvent$PlayerTickEvent
    11  TYPE_RENAME net/minecraftforge/event/entity/player/EntityItemPickupEvent
    24  TYPE_RENAME net/minecraftforge/eventbus/api/EventPriority
    27  TYPE_RENAME net/minecraftforge/eventbus/api/SubscribeEvent
     5  TYPE_RENAME net/minecraftforge/fluids/ForgeFlowingFluid
     4  TYPE_RENAME net/minecraftforge/fluids/ForgeFlowingFluid$Flowing
    29  TYPE_RENAME net/minecraftforge/fluids/ForgeFlowingFluid$Properties
     4  TYPE_RENAME net/minecraftforge/fluids/ForgeFlowingFluid$Source
     2  TYPE_RENAME net/minecraftforge/fml/InterModComms
    12  TYPE_RENAME net/minecraftforge/fml/InterModComms$IMCMessage
    29  TYPE_RENAME net/minecraftforge/fml/ModContainer
     3  TYPE_RENAME net/minecraftforge/fml/VersionChecker
     7  TYPE_RENAME net/minecraftforge/fml/VersionChecker$CheckResult
     9  TYPE_RENAME net/minecraftforge/fml/VersionChecker$Status
     2  TYPE_RENAME net/minecraftforge/fml/common/Mod
     3  TYPE_RENAME net/minecraftforge/fml/common/Mod$EventBusSubscriber
     4  TYPE_RENAME net/minecraftforge/fml/event/lifecycle/FMLClientSetupEvent
     7  TYPE_RENAME net/minecraftforge/fml/event/lifecycle/FMLCommonSetupEvent
     4  TYPE_RENAME net/minecraftforge/fml/event/lifecycle/FMLLoadCompleteEvent
     4  TYPE_RENAME net/minecraftforge/registries/NewRegistryEvent
    26  TYPE_RENAME net/minecraftforge/registries/RegisterEvent

UNRESOLVED - these need the vanilla bridge or a structural rule:
     6  REMOVED net/minecraft/world/item/ItemStack#getOrCreateTag()Lnet/minecraft/nbt/CompoundTag;
     5  REMOVED net/minecraft/world/item/ItemStack#getTag()Lnet/minecraft/nbt/CompoundTag;
     3  REMOVED net/minecraft/world/item/ItemStack#hasTag()Z
     3  REMOVED net/minecraft/world/item/ItemStack#setTag(Lnet/minecraft/nbt/CompoundTag;)V
    17  TYPE_PREFIX target missing: net/neoforged/neoforge/common/conditions/IConditionSerializer
    38  TYPE_PREFIX target missing: net/neoforged/neoforge/event/AttachCapabilitiesEvent
     1  TYPE_PREFIX target missing: net/neoforged/neoforge/event/ForgeEventFactory
     5  TYPE_PREFIX target missing: net/neoforged/neoforge/event/entity/living/LivingEvent$LivingTickEvent
    10  TYPE_PREFIX target missing: net/neoforged/neoforge/fluids/capability/ItemFluidContainer

Wrote translated\cyclopscore.jar
      translated\cyclopscore.report.tsv
