Forge 1.20.1 -> NeoForge 1.21.1: loaded 64225 member mappings, 188 type renames, 8 ctor rules, 0 removed-API entries

Rewrote 261 classes, moved 1 resources, rewrote 0 data files

Applied:
    35  CTOR_TO_STATIC net/minecraft/resources/ResourceLocation#fromNamespaceAndPath
     2  CTOR_TO_STATIC net/minecraft/resources/ResourceLocation#parse
     1  EBS_STRIP (no @SubscribeEvent methods) software/bernie/example/GeckoLibMod
    10  HOLDER_UNWRAP field net/minecraft/world/entity/ai/attributes/Attributes
     8  HOLDER_UNWRAP field net/minecraft/world/item/ArmorMaterials
     1  HOLDER_UNWRAP return net/minecraft/world/item/ArmorItem.getMaterial
    10  HOLDER_WRAP net/minecraft/world/entity/ai/attributes/AttributeSupplier$Builder.add
     2  HOLDER_WRAP net/minecraft/world/item/ArmorItem.<init>
     1  JARJAR_TRANSLATE (depth 1)
     4  METHOD_TO_STATIC com/mojang/blaze3d/vertex/VertexConsumer#endVertex -> easyport/bridge/VertexBridge#endVertex
     2  METHOD_TO_STATIC com/mojang/blaze3d/vertex/VertexConsumer#vertex -> easyport/bridge/VertexBridge#vertex
     1  METHOD_TO_STATIC net/minecraft/world/item/ItemStack#getOrCreateTag -> easyport/bridge/ItemBridge#getOrCreateTag
     2  METHOD_TO_STATIC net/minecraft/world/item/ItemStack#getTag -> easyport/bridge/ItemBridge#getTag
    18  METHOD_TO_STATIC net/minecraftforge/eventbus/api/IEventBus#post -> easyport/bridge/EventBusBridge#post
     4  RENAME_METHOD com/mojang/blaze3d/vertex/VertexConsumer#color -> setColor
     4  RENAME_METHOD com/mojang/blaze3d/vertex/VertexConsumer#uv2 -> setLight
     4  RENAME_METHOD com/mojang/blaze3d/vertex/VertexConsumer#vertex -> addVertex
     2  SRG_IN_TEXT
    16  TYPE_PREFIX net/minecraftforge/client/event/
    21  TYPE_PREFIX net/minecraftforge/client/extensions/
     3  TYPE_PREFIX net/minecraftforge/client/model/
    10  TYPE_PREFIX net/minecraftforge/event/
     7  TYPE_RENAME net/minecraftforge/api/distmarker/Dist
    48  TYPE_RENAME net/minecraftforge/common/ForgeSpawnEggItem
    30  TYPE_RENAME net/minecraftforge/eventbus/api/Event
     3  TYPE_RENAME net/minecraftforge/eventbus/api/SubscribeEvent
     4  TYPE_RENAME net/minecraftforge/fml/common/Mod
    11  TYPE_RENAME net/minecraftforge/fml/common/Mod$EventBusSubscriber
     6  TYPE_RENAME net/minecraftforge/fml/common/Mod$EventBusSubscriber$Bus
     2  TYPE_RENAME net/minecraftforge/fml/event/lifecycle/FMLClientSetupEvent

UNRESOLVED - these need the vanilla bridge or a structural rule:
     1  ABSTRACT_STUB software/bernie/example/block/FertilizerBlock.codec()Lcom/mojang/serialization/MapCodec; (added by net/minecraft/world/level/block/DirectionalBlock)
     1  ABSTRACT_STUB software/bernie/example/block/GeckoHabitatBlock.codec()Lcom/mojang/serialization/MapCodec; (added by net/minecraft/world/level/block/BaseEntityBlock)
     1  ABSTRACT_STUB software/bernie/example/entity/BikeEntity.isFood(Lnet/minecraft/world/item/ItemStack;)Z (added by net/minecraft/world/entity/animal/Animal)
     1  ABSTRACT_STUB software/bernie/example/entity/RaceCarEntity.isFood(Lnet/minecraft/world/item/ItemStack;)Z (added by net/minecraft/world/entity/animal/Animal)
     1  ABSTRACT_STUB software/bernie/geckolib/cache/AnimatableIdCache.save(Lnet/minecraft/nbt/CompoundTag;Lnet/minecraft/core/HolderLookup$Provider;)Lnet/minecraft/nbt/CompoundTag; (added by net/minecraft/world/level/saveddata/SavedData)

Wrote translated\geckolib.jar
      translated\geckolib.report.tsv
