Loaded 64225 SRG mappings, 157 type renames, 2 ctor rules, 4 removed-API entries

Rewrote 181 classes, moved 8 resources

Applied:
    76  CTOR_TO_STATIC net/minecraft/resources/ResourceLocation#fromNamespaceAndPath
    32  CTOR_TO_STATIC net/minecraft/resources/ResourceLocation#parse
     1  EBS_STRIP (no @SubscribeEvent methods) com/supermartijn642/core/CommonUtils
     2  HOLDER_WRAP net/minecraft/advancements/critereon/EnchantmentPredicate.<init>
     3  METHOD_TO_STATIC net/minecraftforge/eventbus/api/IEventBus#post -> easyport/bridge/EventBusBridge#post
     4  METHOD_TO_STATIC net/neoforged/neoforge/registries/RegisterEvent#getForgeRegistry -> easyport/bridge/RegistryBridge#getForgeRegistry
     2  SRG_IN_TEXT
    49  TYPE_PREFIX net/minecraftforge/client/event/
     6  TYPE_PREFIX net/minecraftforge/client/extensions/
     4  TYPE_PREFIX net/minecraftforge/client/model/
   143  TYPE_PREFIX net/minecraftforge/common/crafting/conditions/
    50  TYPE_PREFIX net/minecraftforge/common/data/
    11  TYPE_PREFIX net/minecraftforge/data/event/
    20  TYPE_PREFIX net/minecraftforge/event/
     5  TYPE_PREFIX net/minecraftforge/fluids/
    38  TYPE_PREFIX net/minecraftforge/forgespi/
    19  TYPE_RENAME net/minecraftforge/api/distmarker/Dist
     1  TYPE_RENAME net/minecraftforge/client/NamedRenderTypeManager
    11  TYPE_RENAME net/minecraftforge/common/crafting/CraftingHelper
    35  TYPE_RENAME net/minecraftforge/common/util/TriPredicate
     1  TYPE_RENAME net/minecraftforge/data/loading/DatagenModLoader
     5  TYPE_RENAME net/minecraftforge/eventbus/api/Event
     3  TYPE_RENAME net/minecraftforge/eventbus/api/EventPriority
    13  TYPE_RENAME net/minecraftforge/fml/ModContainer
     2  TYPE_RENAME net/minecraftforge/fml/common/Mod
     4  TYPE_RENAME net/minecraftforge/fml/common/Mod$EventBusSubscriber
     3  TYPE_RENAME net/minecraftforge/fml/common/Mod$EventBusSubscriber$Bus
     4  TYPE_RENAME net/minecraftforge/fml/event/lifecycle/FMLConstructModEvent
     4  TYPE_RENAME net/minecraftforge/fml/loading/moddiscovery/ModAnnotation$EnumHolder
     1  TYPE_RENAME net/minecraftforge/registries/GameData
    25  TYPE_RENAME net/minecraftforge/registries/RegisterEvent

UNRESOLVED - these need the vanilla bridge or a structural rule:
     1  MIXIN_DROP (target became an interface: net/minecraft/client/renderer/texture/atlas/SpriteResourceLoader) SpriteResourceLoaderMixin
     1  MIXIN_ORPHAN (only a dropped mixin referenced it) com/supermartijn642/core/registry/ClientRegistrationHandler
    34  REMOVED net/minecraft/world/item/ItemStack#getTag()Lnet/minecraft/nbt/CompoundTag;
    16  REMOVED net/minecraft/world/item/ItemStack#hasTag()Z
     2  REMOVED net/minecraft/world/item/ItemStack#setTag(Lnet/minecraft/nbt/CompoundTag;)V
   112  TYPE_PREFIX target missing: net/neoforged/neoforge/common/conditions/IConditionSerializer

Wrote translated\supermartijn642corelib.jar
      translated\supermartijn642corelib.report.tsv
