Loaded 64225 SRG mappings, 188 type renames, 3 ctor rules, 4 removed-API entries

Rewrote 167 classes, moved 1 resources

Applied:
    13  CTOR_TO_STATIC net/minecraft/resources/ResourceLocation#fromNamespaceAndPath
     4  CTOR_TO_STATIC net/minecraft/resources/ResourceLocation#parse
     3  HOLDER_WRAP net/minecraft/world/entity/ai/attributes/AttributeSupplier$Builder.add
     1  SRG_IN_TEXT
    20  TYPE_PREFIX net/minecraftforge/event/
    61  TYPE_PREFIX net/minecraftforge/forgespi/
     5  TYPE_RENAME net/minecraft/advancements/critereon/AbstractCriterionTriggerInstance
    11  TYPE_RENAME net/minecraft/advancements/critereon/ContextAwarePredicate
     1  TYPE_RENAME net/minecraftforge/common/brewing/BrewingRecipeRegistry
     4  TYPE_RENAME net/minecraftforge/common/brewing/IBrewingRecipe
     1  TYPE_RENAME net/minecraftforge/fml/common/Mod
    30  TYPE_RENAME net/minecraftforge/fml/event/lifecycle/FMLCommonSetupEvent
     1  TYPE_RENAME net/minecraftforge/fml/loading/FMLLoader
    66  TYPE_RENAME net/minecraftforge/registries/RegisterEvent
   202  TYPE_RENAME net/minecraftforge/registries/RegisterEvent$RegisterHelper

UNRESOLVED - these need the vanilla bridge or a structural rule:
     1  REMOVED net/minecraft/world/item/ItemStack#setTag(Lnet/minecraft/nbt/CompoundTag;)V

Wrote translated\yungsapi.jar
      translated\yungsapi.report.tsv
