Loaded 64225 SRG mappings, 17 type renames, 2 ctor rules, 6 removed-API entries

Rewrote 120 classes, moved 217 resources

Applied:
    41  CTOR_TO_STATIC net/minecraft/resources/ResourceLocation#fromNamespaceAndPath
     6  CTOR_TO_STATIC net/minecraft/resources/ResourceLocation#parse
     5  RENAME_METHOD net/minecraft/world/item/Item$Properties#defaultDurability -> durability
     9  TYPE_RENAME net/minecraftforge/api/distmarker/Dist
     7  TYPE_RENAME net/minecraftforge/api/distmarker/OnlyIn
     2  TYPE_RENAME net/minecraftforge/eventbus/api/Event
    13  TYPE_RENAME net/minecraftforge/eventbus/api/SubscribeEvent
    12  TYPE_RENAME net/minecraftforge/fml/common/Mod
    37  TYPE_RENAME net/minecraftforge/fml/common/Mod$EventBusSubscriber
    12  TYPE_RENAME net/minecraftforge/fml/common/Mod$EventBusSubscriber$Bus
     5  TYPE_RENAME net/minecraftforge/fml/event/lifecycle/FMLClientSetupEvent
    10  TYPE_RENAME net/minecraftforge/fml/event/lifecycle/FMLCommonSetupEvent

UNRESOLVED - these need the vanilla bridge or a structural rule:
     4  REMOVED net/minecraft/world/item/ItemStack#getOrCreateTag()Lnet/minecraft/nbt/CompoundTag;
    32  REMOVED net/minecraft/world/item/ItemStack#getTag()Lnet/minecraft/nbt/CompoundTag;
     8  REMOVED net/minecraft/world/item/ItemStack#hasTag()Z
     3  REMOVED net/minecraft/world/item/ItemStack#setTag(Lnet/minecraft/nbt/CompoundTag;)V
     1  REMOVED net/minecraftforge/fml/ModLoadingContext#get()Lnet/minecraftforge/fml/ModLoadingContext;
     1  REMOVED net/minecraftforge/fml/javafmlmod/FMLJavaModLoadingContext#get()Lnet/minecraftforge/fml/javafmlmod/FMLJavaModLoadingContext;

Wrote translated\aquaculture.jar
      translated\aquaculture.report.tsv
