Loaded 64225 SRG mappings, 17 type renames, 2 ctor rules, 6 removed-API entries

Rewrote 42 classes, moved 34 resources

Applied:
    14  CTOR_TO_STATIC net/minecraft/resources/ResourceLocation#fromNamespaceAndPath
     3  TYPE_RENAME net/minecraftforge/api/distmarker/Dist
     3  TYPE_RENAME net/minecraftforge/api/distmarker/OnlyIn
     5  TYPE_RENAME net/minecraftforge/eventbus/api/SubscribeEvent
     6  TYPE_RENAME net/minecraftforge/fml/common/Mod
    16  TYPE_RENAME net/minecraftforge/fml/common/Mod$EventBusSubscriber
     3  TYPE_RENAME net/minecraftforge/fml/common/Mod$EventBusSubscriber$Bus
     2  TYPE_RENAME net/minecraftforge/fml/event/lifecycle/FMLClientSetupEvent
     4  TYPE_RENAME net/minecraftforge/fml/event/lifecycle/FMLCommonSetupEvent
     4  TYPE_RENAME net/minecraftforge/fml/event/lifecycle/InterModEnqueueEvent

UNRESOLVED - these need the vanilla bridge or a structural rule:
     8  REMOVED net/minecraft/world/item/ItemStack#getTag()Lnet/minecraft/nbt/CompoundTag;
     5  REMOVED net/minecraft/world/item/ItemStack#hasTag()Z
     4  REMOVED net/minecraft/world/item/ItemStack#setTag(Lnet/minecraft/nbt/CompoundTag;)V
     2  REMOVED net/minecraftforge/fml/ModLoadingContext#get()Lnet/minecraftforge/fml/ModLoadingContext;
     6  REMOVED net/minecraftforge/fml/javafmlmod/FMLJavaModLoadingContext#get()Lnet/minecraftforge/fml/javafmlmod/FMLJavaModLoadingContext;

Wrote translated\bhc.jar
      translated\bhc.report.tsv
